# vsim work.test -l log_file.log -coverage -c -do "coverage save -onexit -codeAll coverage_file.ucdb; run -all; exit" 
# Start time: 14:52:10 on May 10,2026
# ** Note: (vsim-3813) Design is being optimized due to module recompilation...
# //  Questa Sim
# //  Version 10.6c linux Jul 25 2017
# //
# //  Copyright 1991-2017 Mentor Graphics Corporation
# //  All Rights Reserved.
# //
# //  QuestaSim and its associated documentation contain trade
# //  secrets and commercial or financial information that are the property of
# //  Mentor Graphics Corporation and are privileged, confidential,
# //  and exempt from disclosure under the Freedom of Information Act,
# //  5 U.S.C. Section 552. Furthermore, this information
# //  is prohibited from disclosure under the Trade Secrets Act,
# //  18 U.S.C. Section 1905.
# //
# Loading work.test(fast)
# ** Warning: (vsim-8634) Code was not compiled with coverage options.
# coverage save -onexit -codeAll coverage_file.ucdb
#  run -all
# PASS
# EXP = 0000000000000000000000
# ORG = 0000000000000000000000
# PASS
# EXP = 0000000000000000000000
# ORG = 0000000000000000000000
# FAIL
# EXP = 0000000000000000000000
# ORG = 0000000000000000000001
# FAIL
# EXP = 0000000000111001000000
# ORG = 0000000010001000000000
# FAIL
# EXP = 0000000000000000000000
# ORG = 0000000000111001000000
# FAIL
# EXP = 0000000001100010000000
# ORG = 0000000010110010000000
# FAIL
# EXP = 0000000000000000000000
# ORG = 0000000000110010000000
# FAIL
# EXP = 0000000001011001000000
# ORG = 0000000010000000000000
# FAIL
# EXP = 0000000000000000000000
# ORG = 0000000001010111000000
# FAIL
# EXP = 0000000001001000000000
# ORG = 0000000000110100000000
# FAIL
# EXP = 0000000000000000000000
# ORG = 0000000001000110000000
# FAIL
# EXP = 0000000000000000000000
# ORG = 0000000000000000001000
# FAIL
# EXP = 0000000000000000000000
# ORG = xxxxxxxxxxxxxxxx000000
# FAIL
# EXP = 0000000000000000000000
# ORG = 0000110110011000000000
# FAIL
# EXP = xxxxxxxxxxxxxxxx000000
# ORG = 0000000000100100001000
# FAIL
# EXP = 0001010111111100000000
# ORG = 0000000010101110000000
# FAIL
# EXP = 0000000000000000000000
# ORG = 0000000000001000000000
# FAIL
# EXP = 1111111101011001000000
# ORG = 1111111111000000000000
# FAIL
# EXP = 0000000000000000000000
# ORG = 0000000011110110000000
# FAIL
# EXP = 1111111110000000000000
# ORG = 1111111110010000000000
# FAIL
# EXP = 0000000000000000000000
# ORG = 0000000000101001000000
# FAIL
# EXP = 1111111100011111000000
# ORG = 1111111111101011000000
# FAIL
# EXP = 0000000000000000000000
# ORG = 1111111110101100000000
# FAIL
# EXP = 1111111111101101000000
# ORG = 1111111110000001000000
# FAIL
# EXP = 0000000000000000000000
# ORG = 0000000000001001000000
# FAIL
# EXP = 0000000100011010000000
# ORG = 0000000001100000000000
# FAIL
# EXP = 0000000000000000000000
# ORG = 0000000001000100000000
# FAIL
# EXP = 0000000010001100000000
# ORG = 0000000000011110000000
# FAIL
# EXP = 0000000000000000000000
# ORG = 0000000000100010000000
# FAIL
# EXP = 0000000000001010000000
# ORG = 0000000010000010000000
# FAIL
# EXP = 0000000000000000000000
# ORG = 0000000010000010000000
# FAIL
# EXP = 0000000000001010000000
# ORG = 0000000010000010000000
# FAIL
# EXP = 0000000000000000000000
# ORG = 0000000010000010000000
# FAIL
# EXP = 0000000000001010000000
# ORG = 0000000010000010000000
# FAIL
# EXP = 0000000000000000000000
# ORG = 0000000010000010000000
# FAIL
# EXP = 0000000000001010000000
# ORG = 0000000010000010000000
# FAIL
# EXP = 0000000000000000000000
# ORG = 0000000010000010000000
# FAIL
# EXP = 0000000000001010000000
# ORG = 0000000010000010000000
# FAIL
# EXP = 0000000000000000000000
# ORG = 0000000010000010000000
# FAIL
# EXP = 0000000000001010000000
# ORG = 0000000010000010000000
# FAIL
# EXP = 0000000000000000000000
# ORG = 0000000010000010000000
# FAIL
# EXP = 0000000000001010000000
# ORG = 0000000010000010000000
# FAIL
# EXP = 0000000000000000000000
# ORG = 0000000010000010000000
# FAIL
# EXP = 0000000000001010000000
# ORG = 0000000010000010000000
# FAIL
# EXP = 0000000000000000000000
# ORG = 0000000010000010000000
# FAIL
# EXP = 0000000000001010000000
# ORG = 0000000010000010000000
# FAIL
# EXP = 0000000000000000000000
# ORG = 0000000010000010000000
# FAIL
# EXP = 0000000000001010000000
# ORG = 0000000010000010000000
# FAIL
# EXP = 0000000000000000000000
# ORG = 0000000010000010000000
# FAIL
# EXP = 0000000000001010000000
# ORG = 0000000010000010000000
# FAIL
# EXP = 0000000000000000000000
# ORG = 0000000010000010000000
# FAIL
# EXP = 0000000000001010000000
# ORG = 0000000010000010000000
# FAIL
# EXP = 0000000000000000000000
# ORG = 0000000010000010000000
# FAIL
# EXP = 0000000000001010000000
# ORG = 0000000010000010000000
# FAIL
# EXP = 0000000000000000000000
# ORG = 0000000010000010000000
# FAIL
# EXP = 0000000000001010000000
# ORG = 0000000010000010000000
# FAIL
# EXP = 0000000000000000000000
# ORG = 0000000010000010000000
# FAIL
# EXP = 0000000000001010000000
# ORG = 0000000010000010000000
# FAIL
# EXP = 0000000000000000000000
# ORG = 0000000010000010000000
# FAIL
# EXP = 0000000000001010000000
# ORG = 0000000010000010000000
# FAIL
# EXP = 0000000000000000000000
# ORG = 0000000010000010000000
# FAIL
# EXP = 0000000000001010000000
# ORG = 0000000010000010000000
# FAIL
# EXP = 0000000000000000000000
# ORG = 0000000010000010000000
# FAIL
# EXP = 0000000000001010000000
# ORG = 0000000010000010000000
# FAIL
# EXP = 0000000000000000000000
# ORG = 0000000010000010000000
# FAIL
# EXP = 0000000000001010000000
# ORG = 0000000010000010000000
# FAIL
# EXP = 0000000000000000000000
# ORG = 0000000010000010000000
# FAIL
# EXP = 0000000000001010000000
# ORG = 0000000010000010000000
# FAIL
# EXP = 0000000000000000000000
# ORG = 0000000010000010000000
# FAIL
# EXP = 0000000000001010000000
# ORG = 0000000010000010000000
# FAIL
# EXP = 0000000000000000000000
# ORG = 0000000010000010000000
# FAIL
# EXP = 0000000000001010000000
# ORG = 0000000010000010000000
# FAIL
# EXP = 0000000000000000000000
# ORG = 0000000010000010000000
# FAIL
# EXP = 0000000000001010000000
# ORG = 0000000010000010000000
# FAIL
# EXP = 0000000000000000000000
# ORG = 0000000010000010000000
# FAIL
# EXP = 0000000000001010000000
# ORG = 0000000010000010000000
# FAIL
# EXP = 0000000000000000000000
# ORG = 0000000010000010000000
# FAIL
# EXP = 0000000000001010000000
# ORG = 0000000010000010000000
# FAIL
# EXP = 0000000000000000000000
# ORG = 0000000010000010000000
# FAIL
# EXP = 0000000000001010000000
# ORG = 0000000010000010000000
# FAIL
# EXP = 0000000000000000000000
# ORG = 0000000010000010000000
# FAIL
# EXP = 0000000000001010000000
# ORG = 0000000010000010000000
# FAIL
# EXP = 0000000000000000000000
# ORG = 0000000010000010000000
# FAIL
# EXP = 0000000000001010000000
# ORG = 0000000010000010000000
# FAIL
# EXP = 0000000000000000000000
# ORG = 0000000010000010000000
# FAIL
# EXP = 0000000000001010000000
# ORG = 0000000010000010000000
# FAIL
# EXP = 0000000000000000000000
# ORG = 0000000010000010000000
# FAIL
# EXP = 0000000000001010000000
# ORG = 0000000010000010000000
# FAIL
# EXP = 0000000000000000000000
# ORG = 0000000010000010000000
# FAIL
# EXP = 0000000000001010000000
# ORG = 0000000010000010000000
# FAIL
# EXP = 0000000000000000000000
# ORG = 0000000010000010000000
# FAIL
# EXP = 0000000000001010000000
# ORG = 0000000010000010000000
# FAIL
# EXP = 0000000000000000000000
# ORG = 0000000010000010000000
# FAIL
# EXP = 0000000000001010000000
# ORG = 0000000010000010000000
# FAIL
# EXP = 0000000000000000000000
# ORG = 0000000010000010000000
# FAIL
# EXP = 0000000000001010000000
# ORG = 0000000010000010000000
# FAIL
# EXP = 0000000000000000000000
# ORG = 0000000010000010000000
# FAIL
# EXP = 0000000000001010000000
# ORG = 0000000010000010000000
# FAIL
# EXP = 0000000000000000000000
# ORG = 0000000010000010000000
# FAIL
# EXP = 0000000000001010000000
# ORG = 0000000010000010000000
# FAIL
# EXP = 0000000000000000000000
# ORG = 0000000010000010000000
# FAIL
# EXP = 0000000000001010000000
# ORG = 0000000010000010000000
# FAIL
# EXP = 0000000000000000000000
# ORG = 0000000010000010000000
# FAIL
# EXP = 0000000000001010000000
# ORG = 0000000010000010000000
# FAIL
# EXP = 0000000000000000000000
# ORG = 0000000010000010000000
# FAIL
# EXP = 0000000000001010000000
# ORG = 0000000010000010000000
# FAIL
# EXP = 0000000000000000000000
# ORG = 0000000010000010000000
# FAIL
# EXP = 0000000000001010000000
# ORG = 0000000010000010000000
# FAIL
# EXP = 0000000000000000000000
# ORG = 0000000010000010000000
# FAIL
# EXP = 0000000000001010000000
# ORG = 0000000010000010000000
# FAIL
# EXP = 0000000000000000000000
# ORG = 0000000010000010000000
# FAIL
# EXP = 0000000000001010000000
# ORG = 0000000010000010000000
# FAIL
# EXP = 0000000000000000000000
# ORG = 0000000010000010000000
# FAIL
# EXP = 0000000000001010000000
# ORG = 0000000010000010000000
# FAIL
# EXP = 0000000000000000000000
# ORG = 0000000010000010000000
# FAIL
# EXP = 0000000000001010000000
# ORG = 0000000010000010000000
# FAIL
# EXP = 0000000000000000000000
# ORG = 0000000010000010000000
# FAIL
# EXP = 0000000000001010000000
# ORG = 0000000010000010000000
# FAIL
# EXP = 0000000000000000000000
# ORG = 0000000010000010000000
# FAIL
# EXP = 0000000000001010000000
# ORG = 0000000010000010000000
# FAIL
# EXP = 0000000000000000000000
# ORG = 0000000010000010000000
# FAIL
# EXP = 0000000000001010000000
# ORG = 0000000010000010000000
# FAIL
# EXP = 0000000000000000000000
# ORG = 0000000010000010000000
# FAIL
# EXP = 0000000000001010000000
# ORG = 0000000010000010000000
# FAIL
# EXP = 0000000000000000000000
# ORG = 0000000010000010000000
# FAIL
# EXP = 0000000000001010000000
# ORG = 0000000010000010000000
# FAIL
# EXP = 0000000000000000000000
# ORG = 0000000010000010000000
# FAIL
# EXP = 0000000000001010000000
# ORG = 0000000010000010000000
# FAIL
# EXP = 0000000000000000000000
# ORG = 0000000010000010000000
# FAIL
# EXP = 0000000000001010000000
# ORG = 0000000010000010000000
# FAIL
# EXP = 0000000000000000000000
# ORG = 0000000010000010000000
# FAIL
# EXP = 0000000000001010000000
# ORG = 0000000010000010000000
# FAIL
# EXP = 0000000000000000000000
# ORG = 0000000010000010000000
# FAIL
# EXP = 0000000000001010000000
# ORG = 0000000010000010000000
# FAIL
# EXP = 0000000000000000000000
# ORG = 0000000010000010000000
# FAIL
# EXP = 0000000000001010000000
# ORG = 0000000010000010000000
# FAIL
# EXP = 0000000000000000000000
# ORG = 0000000010000010000000
# FAIL
# EXP = 0000000000001010000000
# ORG = 0000000010000010000000
# FAIL
# EXP = 0000000000000000000000
# ORG = 0000000010000010000000
# FAIL
# EXP = 0000000000001010000000
# ORG = 0000000010000010000000
# FAIL
# EXP = 0000000000000000000000
# ORG = 0000000010000010000000
# FAIL
# EXP = 0000000000001010000000
# ORG = 0000000010000010000000
# FAIL
# EXP = 0000000000000000000000
# ORG = 0000000010000010000000
# FAIL
# EXP = 0000000000001010000000
# ORG = 0000000010000010000000
# FAIL
# EXP = 0000000000000000000000
# ORG = 0000000010000010000000
# FAIL
# EXP = 0000000000001010000000
# ORG = 0000000010000010000000
# FAIL
# EXP = 0000000000000000000000
# ORG = 0000000010000010000000
# FAIL
# EXP = 0000000000001010000000
# ORG = 0000000010000010000000
# FAIL
# EXP = 0000000000000000000000
# ORG = 0000000010000010000000
# FAIL
# EXP = 0000000000001010000000
# ORG = 0000000010000010000000
# FAIL
# EXP = 0000000000000000000000
# ORG = 0000000010000010000000
# FAIL
# EXP = 0000000000001010000000
# ORG = 0000000010000010000000
# FAIL
# EXP = 0000000000000000000000
# ORG = 0000000010000010000000
# FAIL
# EXP = 0000000000001010000000
# ORG = 0000000010000010000000
# FAIL
# EXP = 0000000000000000000000
# ORG = 0000000010000010000000
# FAIL
# EXP = 0000000000001010000000
# ORG = 0000000010000010000000
# FAIL
# EXP = 0000000000000000000000
# ORG = 0000000010000010000000
# FAIL
# EXP = 0000000000001010000000
# ORG = 0000000010000010000000
# FAIL
# EXP = 0000000000000000000000
# ORG = 0000000010000010000000
# FAIL
# EXP = 0000000000001010000000
# ORG = 0000000010000010000000
# FAIL
# EXP = 0000000000000000000000
# ORG = 0000000010000010000000
# FAIL
# EXP = 0000000000001010000000
# ORG = 0000000010000010000000
# FAIL
# EXP = 0000000000000000000000
# ORG = 0000000010000010000000
# FAIL
# EXP = 0000000000001010000000
# ORG = 0000000010000010000000
# FAIL
# EXP = 0000000000000000000000
# ORG = 0000000010000010000000
# FAIL
# EXP = 0000000000001010000000
# ORG = 0000000010000010000000
# FAIL
# EXP = 0000000000000000000000
# ORG = 0000000010000010000000
# FAIL
# EXP = 0000000000001010000000
# ORG = 0000000010000010000000
# FAIL
# EXP = 0000000000000000000000
# ORG = 0000000010000010000000
# FAIL
# EXP = 0000000000001010000000
# ORG = 0000000010000010000000
# FAIL
# EXP = 0000000000000000000000
# ORG = 0000000010000010000000
# FAIL
# EXP = 0000000000001010000000
# ORG = 0000000010000010000000
# FAIL
# EXP = 0000000000000000000000
# ORG = 0000000010000010000000
# FAIL
# EXP = 0000000000001010000000
# ORG = 0000000010000010000000
# FAIL
# EXP = 0000000000000000000000
# ORG = 0000000010000010000000
# FAIL
# EXP = 0000000000001010000000
# ORG = 0000000010000010000000
# FAIL
# EXP = 0000000000000000000000
# ORG = 0000000010000010000000
# FAIL
# EXP = 0000000000001010000000
# ORG = 0000000010000010000000
# FAIL
# EXP = 0000000000000000000000
# ORG = 0000000010000010000000
# FAIL
# EXP = 0000000000001010000000
# ORG = 0000000010000010000000
# FAIL
# EXP = 0000000000000000000000
# ORG = 0000000010000010000000
# FAIL
# EXP = 0000000000001010000000
# ORG = 0000000010000010000000
# FAIL
# EXP = 0000000000000000000000
# ORG = 0000000010000010000000
# FAIL
# EXP = 0000000000001010000000
# ORG = 0000000010000010000000
# FAIL
# EXP = 0000000000000000000000
# ORG = 0000000010000010000000
# FAIL
# EXP = 0000000000001010000000
# ORG = 0000000010000010000000
# FAIL
# EXP = 0000000000000000000000
# ORG = 0000000010000010000000
# FAIL
# EXP = 0000000000001010000000
# ORG = 0000000010000010000000
# FAIL
# EXP = 0000000000000000000000
# ORG = 0000000010000010000000
# FAIL
# EXP = 0000000000001010000000
# ORG = 0000000010000010000000
# FAIL
# EXP = 0000000000000000000000
# ORG = 0000000010000010000000
# FAIL
# EXP = 0000000000001010000000
# ORG = 0000000010000010000000
# FAIL
# EXP = 0000000000000000000000
# ORG = 0000000010000010000000
# FAIL
# EXP = 0000000000001010000000
# ORG = 0000000010000010000000
# FAIL
# EXP = 0000000000000000000000
# ORG = 0000000010000010000000
# FAIL
# EXP = 0000000000001010000000
# ORG = 0000000010000010000000
# FAIL
# EXP = 0000000000000000000000
# ORG = 0000000010000010000000
# FAIL
# EXP = 0000000000001010000000
# ORG = 0000000010000010000000
# FAIL
# EXP = 0000000000000000000000
# ORG = 0000000010000010000000
# FAIL
# EXP = 0000000000001010000000
# ORG = 0000000010000010000000
# FAIL
# EXP = 0000000000000000000000
# ORG = 0000000010000010000000
# FAIL
# EXP = 0000000000001010000000
# ORG = 0000000010000010000000
# FAIL
# EXP = 0000000000000000000000
# ORG = 0000000010000010000000
# FAIL
# EXP = 0000000000001010000000
# ORG = 0000000010000010000000
# FAIL
# EXP = 0000000000000000000000
# ORG = 0000000010000010000000
# FAIL
# EXP = 0000000000001010000000
# ORG = 0000000010000010000000
# FAIL
# EXP = 0000000000000000000000
# ORG = 0000000010000010000000
# FAIL
# EXP = 0000000000001010000000
# ORG = 0000000010000010000000
# FAIL
# EXP = 0000000000000000000000
# ORG = 0000000010000010000000
# FAIL
# EXP = 0000000000001010000000
# ORG = 0000000010000010000000
# FAIL
# EXP = 0000000000000000000000
# ORG = 0000000010000010000000
# FAIL
# EXP = 0000000000001010000000
# ORG = 0000000010000010000000
# FAIL
# EXP = 0000000000000000000000
# ORG = 0000000010000010000000
# FAIL
# EXP = 0000000000001010000000
# ORG = 0000000010000010000000
# FAIL
# EXP = 0000000000000000000000
# ORG = 0000000010000010000000
# FAIL
# EXP = 0000000000001010000000
# ORG = 0000000010000010000000
# FAIL
# EXP = 0000000000000000000000
# ORG = 0000000010000010000000
# FAIL
# EXP = 0000000000001010000000
# ORG = 0000000010000010000000
# FAIL
# EXP = 0000000000000000000000
# ORG = 0000000010000010000000
# FAIL
# EXP = 0000000000001010000000
# ORG = 0000000010000010000000
# FAIL
# EXP = 0000000000000000000000
# ORG = 0000000010000010000000
# FAIL
# EXP = 0000000000001010000000
# ORG = 0000000010000010000000
# FAIL
# EXP = 0000000000000000000000
# ORG = 0000000010000010000000
# FAIL
# EXP = 0000000000001010000000
# ORG = 0000000010000010000000
# FAIL
# EXP = 0000000000000000000000
# ORG = 0000000010000010000000
# FAIL
# EXP = 0000000000001010000000
# ORG = 0000000010000010000000
# FAIL
# EXP = 0000000000000000000000
# ORG = 0000000010000010000000
# FAIL
# EXP = 0000000000001010000000
# ORG = 0000000010000010000000
# FAIL
# EXP = 0000000000000000000000
# ORG = 0000000010000010000000
# FAIL
# EXP = 0000000000001010000000
# ORG = 0000000010000010000000
# FAIL
# EXP = 0000000000000000000000
# ORG = 0000000010000010000000
# FAIL
# EXP = 0000000000001010000000
# ORG = 0000000010000010000000
# FAIL
# EXP = 0000000000000000000000
# ORG = 0000000010000010000000
# FAIL
# EXP = 0000000000001010000000
# ORG = 0000000010000010000000
# FAIL
# EXP = 0000000000000000000000
# ORG = 0000000010000010000000
# FAIL
# EXP = 0000000000001010000000
# ORG = 0000000010000010000000
# FAIL
# EXP = 0000000000000000000000
# ORG = 0000000010000010000000
# FAIL
# EXP = 0000000000001010000000
# ORG = 0000000010000010000000
# FAIL
# EXP = 0000000000000000000000
# ORG = 0000000010000010000000
# FAIL
# EXP = 0000000000001010000000
# ORG = 0000000010000010000000
# FAIL
# EXP = 0000000000000000000000
# ORG = 0000000010000010000000
# FAIL
# EXP = 0000000000001010000000
# ORG = 0000000010000010000000
# FAIL
# EXP = 0000000000000000000000
# ORG = 0000000010000010000000
# FAIL
# EXP = 0000000000001010000000
# ORG = 0000000010000010000000
# FAIL
# EXP = 0000000000000000000000
# ORG = 0000000010000010000000
# FAIL
# EXP = 0000000000001010000000
# ORG = 0000000010000010000000
# FAIL
# EXP = 0000000000000000000000
# ORG = 0000000010000010000000
# FAIL
# EXP = 0000000000001010000000
# ORG = 0000000010000010000000
# FAIL
# EXP = 0000000000000000000000
# ORG = 0000000010000010000000
# FAIL
# EXP = 0000000000001010000000
# ORG = 0000000010000010000000
# FAIL
# EXP = 0000000000000000000000
# ORG = 0000000010000010000000
# FAIL
# EXP = 0000000000001010000000
# ORG = 0000000010000010000000
# FAIL
# EXP = 0000000000000000000000
# ORG = 0000000010000010000000
# FAIL
# EXP = 0000000000001010000000
# ORG = 0000000010000010000000
# FAIL
# EXP = 0000000000000000000000
# ORG = 0000000010000010000000
# FAIL
# EXP = 0000000000001010000000
# ORG = 0000000010000010000000
# FAIL
# EXP = 0000000000000000000000
# ORG = 0000000010000010000000
# FAIL
# EXP = 0000000000001010000000
# ORG = 0000000010000010000000
# FAIL
# EXP = 0000000000000000000000
# ORG = 0000000010000010000000
# FAIL
# EXP = 0000000000001010000000
# ORG = 0000000010000010000000
# FAIL
# EXP = 0000000000000000000000
# ORG = 0000000010000010000000
# FAIL
# EXP = 0000000000001010000000
# ORG = 0000000010000010000000
# FAIL
# EXP = 0000000000000000000000
# ORG = 0000000010000010000000
# FAIL
# EXP = 0000000000001010000000
# ORG = 0000000010000010000000
# FAIL
# EXP = 0000000000000000000000
# ORG = 0000000010000010000000
# FAIL
# EXP = 0000000000001010000000
# ORG = 0000000010000010000000
# FAIL
# EXP = 0000000000000000000000
# ORG = 0000000010000010000000
# FAIL
# EXP = 0000000000001010000000
# ORG = 0000000010000010000000
# FAIL
# EXP = 0000000000000000000000
# ORG = 0000000010000010000000
# FAIL
# EXP = 0000000000001010000000
# ORG = 0000000010000010000000
# FAIL
# EXP = 0000000000000000000000
# ORG = 0000000010000010000000
# FAIL
# EXP = 0000000000001010000000
# ORG = 0000000010000010000000
# FAIL
# EXP = 0000000000000000000000
# ORG = 0000000010000010000000
# FAIL
# EXP = 0000000000001010000000
# ORG = 0000000010000010000000
# FAIL
# EXP = 0000000000000000000000
# ORG = 0000000010000010000000
# FAIL
# EXP = 0000000000001010000000
# ORG = 0000000010000010000000
# FAIL
# EXP = 0000000000000000000000
# ORG = 0000000010000010000000
# FAIL
# EXP = 0000000000001010000000
# ORG = 0000000010000010000000
# FAIL
# EXP = 0000000000000000000000
# ORG = 0000000010000010000000
# FAIL
# EXP = 0000000000001010000000
# ORG = 0000000010000010000000
# FAIL
# EXP = 0000000000000000000000
# ORG = 0000000010000010000000
# FAIL
# EXP = 0000000000001010000000
# ORG = 0000000010000010000000
# FAIL
# EXP = 0000000000000000000000
# ORG = 0000000010000010000000
# FAIL
# EXP = 0000000000001010000000
# ORG = 0000000010000010000000
# FAIL
# EXP = 0000000000000000000000
# ORG = 0000000010000010000000
# FAIL
# EXP = 0000000000001010000000
# ORG = 0000000010000010000000
# FAIL
# EXP = 0000000000000000000000
# ORG = 0000000010000010000000
# FAIL
# EXP = 0000000000001010000000
# ORG = 0000000010000010000000
# FAIL
# EXP = 0000000000000000000000
# ORG = 0000000010000010000000
# FAIL
# EXP = 0000000000001010000000
# ORG = 0000000010000010000000
# FAIL
# EXP = 0000000000000000000000
# ORG = 0000000010000010000000
# FAIL
# EXP = 0000000000001010000000
# ORG = 0000000010000010000000
# FAIL
# EXP = 0000000000000000000000
# ORG = 0000000010000010000000
# FAIL
# EXP = 0000000000001010000000
# ORG = 0000000010000010000000
# FAIL
# EXP = 0000000000000000000000
# ORG = 0000000010000010000000
# FAIL
# EXP = 0000000000001010000000
# ORG = 0000000010000010000000
# FAIL
# EXP = 0000000000000000000000
# ORG = 0000000010000010000000
# FAIL
# EXP = 0000000000001010000000
# ORG = 0000000010000010000000
# FAIL
# EXP = 0000000000000000000000
# ORG = 0000000010000010000000
# FAIL
# EXP = 0000000000001010000000
# ORG = 0000000010000010000000
# ** Note: $finish    : TOP_tb.v(45)
#    Time: 3020 ns  Iteration: 0  Instance: /test
# Saving coverage database on exit...
# End time: 14:52:11 on May 10,2026, Elapsed time: 0:00:01
# Errors: 0, Warnings: 1
